

> mastra-app@1.0.0 build /Users/alexandergirardet/Code/vibeflow-projects/seo-blogs/apps/mastra-app
> mastra build

[32mINFO[39m [2025-08-20 18:45:04.844 +0100] (Mastra CLI): [36mStart bundling Mastra[39m
[32mINFO[39m [2025-08-20 18:45:04.880 +0100] (Mastra CLI): [36mAnalyzing dependencies...[39m
[32mINFO[39m [2025-08-20 18:45:05.240 +0100] (Mastra CLI): [36mOptimizing dependencies...[39m
[32mINFO[39m [2025-08-20 18:45:08.897 +0100] (Mastra CLI): [36mBundling Mastra application[39m
[32mINFO[39m [2025-08-20 18:45:10.039 +0100] (Mastra CLI): [36mBundling Mastra done[39m
[32mINFO[39m [2025-08-20 18:45:10.039 +0100] (Mastra CLI): [36mCopying public files[39m
[32mINFO[39m [2025-08-20 18:45:10.039 +0100] (Mastra CLI): [36mDone copying public files[39m
[32mINFO[39m [2025-08-20 18:45:10.039 +0100] (Mastra CLI): [36mCopying .npmrc file[39m
[32mINFO[39m [2025-08-20 18:45:10.039 +0100] (Mastra CLI): [36mDone copying .npmrc file[39m
[32mINFO[39m [2025-08-20 18:45:10.039 +0100] (Mastra CLI): [36mInstalling dependencies[39m
Progress: resolved 1, reused 0, downloaded 0, added 0
[32mINFO[39m [2025-08-20 18:45:10.358 +0100] (Mastra CLI): [36mProgress: resolved 1, reused 0, downloaded 0, added 0[39m
Progress: resolved 83, reused 83, downloaded 0, added 0
[32mINFO[39m [2025-08-20 18:45:11.359 +0100] (Mastra CLI): [36mProgress: resolved 83, reused 83, downloaded 0, added 0[39m
Progress: resolved 144, reused 144, downloaded 0, added 0
[32mINFO[39m [2025-08-20 18:45:12.359 +0100] (Mastra CLI): [36mProgress: resolved 144, reused 144, downloaded 0, added 0[39m
Progress: resolved 161, reused 161, downloaded 0, added 0
[32mINFO[39m [2025-08-20 18:45:13.361 +0100] (Mastra CLI): [36mProgress: resolved 161, reused 161, downloaded 0, added 0[39m
Packages: +162
++++++++++++++++++++++++++++++++++++++++++++++++++++++++++++++++++++++++++++++++
[32mINFO[39m [2025-08-20 18:45:13.394 +0100] (Mastra CLI): [36mPackages: +162
++++++++++++++++++++++++++++++++++++++++++++++++++++++++++++++++++++++++++++++++[39m
Progress: resolved 162, reused 162, downloaded 0, added 162, done
[32mINFO[39m [2025-08-20 18:45:13.844 +0100] (Mastra CLI): [36mProgress: resolved 162, reused 162, downloaded 0, added 162, done[39m
dependencies:
+ @opentelemetry/auto-instrumentations-node 0.59.0 (0.62.1 is available)
+ @opentelemetry/core 2.0.1
+ @opentelemetry/exporter-trace-otlp-grpc 0.201.1 (0.203.0 is available)
+ @opentelemetry/exporter-trace-otlp-http 0.201.1 (0.203.0 is available)
+ @opentelemetry/instrumentation 0.202.0 (0.203.0 is available)
+ @opentelemetry/resources 2.0.1
+ @opentelemetry/sdk-node 0.201.1 (0.203.0 is available)
+ @opentelemetry/sdk-trace-base 2.0.1
+ @opentelemetry/semantic-conventions 1.36.0
[32mINFO[39m [2025-08-20 18:45:13.938 +0100] (Mastra CLI): [36mdependencies:
+ @opentelemetry/auto-instrumentations-node 0.59.0 (0.62.1 is available)
+ @opentelemetry/core 2.0.1
+ @opentelemetry/exporter-trace-otlp-grpc 0.201.1 (0.203.0 is available)
+ @opentelemetry/exporter-trace-otlp-http 0.201.1 (0.203.0 is available)
+ @opentelemetry/instrumentation 0.202.0 (0.203.0 is available)
+ @opentelemetry/resources 2.0.1
+ @opentelemetry/sdk-node 0.201.1 (0.203.0 is available)
+ @opentelemetry/sdk-trace-base 2.0.1
+ @opentelemetry/semantic-conventions 1.36.0[39m
Done in 3.8s
[32mINFO[39m [2025-08-20 18:45:13.938 +0100] (Mastra CLI): [36mDone in 3.8s[39m
[32mINFO[39m [2025-08-20 18:45:13.951 +0100] (Mastra CLI): [36mDone installing dependencies[39m
[32mINFO[39m [2025-08-20 18:45:13.951 +0100] (Mastra CLI): [36mBuild successful, you can now deploy the .mastra/output directory to your target platform.[39m
[32mINFO[39m [2025-08-20 18:45:13.951 +0100] (Mastra CLI): [36mTo start the server, run: node --import=./.mastra/output/instrumentation.mjs .mastra/output/index.mjs[39m
